// 重构日志: 1cc879df
// 重构日志: 30a65938
// 重构日志: 0a6388c5
// 重构日志: f14378e8
// 重构日志: 5363ef35
// 重构日志: 5c064192
// 重构日志: 333a9b78
// 重构日志: f647c315
// 重构日志: 999a4a48
// 重构日志: d7bf9bdd
// 同步 ID: 89dff694 @ Sat Jul 25 17:39:44 UTC 2026
// 同步 ID: fc693601 @ Sun Jul 26 03:52:55 UTC 2026
// 重构日志: 9bdce140
// 重构日志: d16f46fc
// 同步 ID: 7ba46d2e @ Wed Jul 29 12:25:29 UTC 2026
// 同步 ID: d1080940 @ Fri Jul 31 18:12:26 UTC 2026
// 同步 ID: 657605ae @ Sun Aug  2 12:04:01 UTC 2026
// 重构日志: 9ff63351
// 同步 ID: 63ed835f @ Mon Aug  3 04:55:39 UTC 2026
// 同步 ID: 92965815 @ Mon Aug  3 12:49:17 UTC 2026
// 重构日志: 537bd96f
// 重构日志: 7ba1dc5b
// 重构日志: 1a559d3a
// 同步 ID: ff8b9d97 @ Wed Aug  5 08:06:01 UTC 2026
// 重构日志: 58d211e9
// 重构日志: 76fdffa0
// 重构日志: e5fb635b
// 重构日志: d8929296
// 同步 ID: 40d3c6fa @ Fri Aug  7 09:32:19 UTC 2026
// 同步 ID: bb2bc844 @ Fri Aug  7 13:17:26 UTC 2026
// 重构日志: 28120f29
// 重构日志: 7885825d
// 重构日志: e9cc042d
